/Users/wangning/Desktop/cornell_repos/cs6120/project/fusible_results/20251221_141626/fuse20_two_out_two_in/fuse20_two_out_two_in.driver.c:29:29: error: too few arguments to function call, expected 4, have 2
   29 |   fuse20_two_out_two_in(a, b);
      |   ~~~~~~~~~~~~~~~~~~~~~     ^
/Users/wangning/Desktop/cornell_repos/cs6120/project/fusible_tests/fuse20_two_out_two_in.c:5:6: note: 'fuse20_two_out_two_in' declared here
    5 | void fuse20_two_out_two_in(float *__restrict__ a,
      |      ^                     ~~~~~~~~~~~~~~~~~~~~~~
    6 |                            float *__restrict__ b,
      |                            ~~~~~~~~~~~~~~~~~~~~~~
    7 |                            const float *__restrict__ c,
      |                            ~~~~~~~~~~~~~~~~~~~~~~~~~~~~
    8 |                            const float *__restrict__ d) {
      |                            ~~~~~~~~~~~~~~~~~~~~~~~~~~~
/Users/wangning/Desktop/cornell_repos/cs6120/project/fusible_results/20251221_141626/fuse20_two_out_two_in/fuse20_two_out_two_in.driver.c:39:31: error: too few arguments to function call, expected 4, have 2
   39 |     fuse20_two_out_two_in(a, b);
      |     ~~~~~~~~~~~~~~~~~~~~~     ^
/Users/wangning/Desktop/cornell_repos/cs6120/project/fusible_tests/fuse20_two_out_two_in.c:5:6: note: 'fuse20_two_out_two_in' declared here
    5 | void fuse20_two_out_two_in(float *__restrict__ a,
      |      ^                     ~~~~~~~~~~~~~~~~~~~~~~
    6 |                            float *__restrict__ b,
      |                            ~~~~~~~~~~~~~~~~~~~~~~
    7 |                            const float *__restrict__ c,
      |                            ~~~~~~~~~~~~~~~~~~~~~~~~~~~~
    8 |                            const float *__restrict__ d) {
      |                            ~~~~~~~~~~~~~~~~~~~~~~~~~~~
2 errors generated.
